[2023-08-30T13:22:32.241+0530][gc,init] CardTable entry size: 512
[2023-08-30T13:22:32.241+0530][gc     ] Using G1
[2023-08-30T13:22:32.242+0530][gc,init] Version: 20.0.1+9-29 (release)
[2023-08-30T13:22:32.242+0530][gc,init] CPUs: 8 total, 8 available
[2023-08-30T13:22:32.242+0530][gc,init] Memory: 8192M
[2023-08-30T13:22:32.242+0530][gc,init] Large Page Support: Disabled
[2023-08-30T13:22:32.242+0530][gc,init] NUMA Support: Disabled
[2023-08-30T13:22:32.242+0530][gc,init] Compressed Oops: Enabled (Zero based)
[2023-08-30T13:22:32.242+0530][gc,init] Heap Region Size: 1M
[2023-08-30T13:22:32.242+0530][gc,init] Heap Min Capacity: 1G
[2023-08-30T13:22:32.242+0530][gc,init] Heap Initial Capacity: 1G
[2023-08-30T13:22:32.242+0530][gc,init] Heap Max Capacity: 1G
[2023-08-30T13:22:32.242+0530][gc,init] Pre-touch: Disabled
[2023-08-30T13:22:32.242+0530][gc,init] Parallel Workers: 8
[2023-08-30T13:22:32.242+0530][gc,init] Concurrent Workers: 2
[2023-08-30T13:22:32.242+0530][gc,init] Concurrent Refinement Workers: 8
[2023-08-30T13:22:32.242+0530][gc,init] Periodic GC: Disabled
[2023-08-30T13:22:32.242+0530][gc,metaspace] CDS archive(s) mapped at: [0x0000000800000000-0x0000000800c6c000-0x0000000800c6c000), size 13025280, SharedBaseAddress: 0x0000000800000000, ArchiveRelocationMode: 0.
[2023-08-30T13:22:32.242+0530][gc,metaspace] Compressed class space mapped at: 0x0000000801000000-0x0000000841000000, reserved size: 1073741824
[2023-08-30T13:22:32.242+0530][gc,metaspace] Narrow klass base: 0x0000000800000000, Narrow klass shift: 0, Narrow klass range: 0x100000000
[2023-08-30T13:22:33.267+0530][gc,start    ] GC(0) Pause Young (Normal) (G1 Evacuation Pause)
[2023-08-30T13:22:33.267+0530][gc,task     ] GC(0) Using 8 workers of 8 for evacuation
[2023-08-30T13:22:33.269+0530][gc,phases   ] GC(0)   Pre Evacuate Collection Set: 0.1ms
[2023-08-30T13:22:33.269+0530][gc,phases   ] GC(0)   Merge Heap Roots: 0.0ms
[2023-08-30T13:22:33.269+0530][gc,phases   ] GC(0)   Evacuate Collection Set: 1.9ms
[2023-08-30T13:22:33.269+0530][gc,phases   ] GC(0)   Post Evacuate Collection Set: 0.3ms
[2023-08-30T13:22:33.269+0530][gc,phases   ] GC(0)   Other: 0.2ms
[2023-08-30T13:22:33.269+0530][gc,heap     ] GC(0) Eden regions: 51->0(44)
[2023-08-30T13:22:33.269+0530][gc,heap     ] GC(0) Survivor regions: 0->7(7)
[2023-08-30T13:22:33.269+0530][gc,heap     ] GC(0) Old regions: 0->1
[2023-08-30T13:22:33.269+0530][gc,heap     ] GC(0) Archive regions: 2->2
[2023-08-30T13:22:33.269+0530][gc,heap     ] GC(0) Humongous regions: 0->0
[2023-08-30T13:22:33.269+0530][gc,metaspace] GC(0) Metaspace: 18644K(18816K)->18644K(18816K) NonClass: 16308K(16384K)->16308K(16384K) Class: 2336K(2432K)->2336K(2432K)
[2023-08-30T13:22:33.269+0530][gc          ] GC(0) Pause Young (Normal) (G1 Evacuation Pause) 51M->8M(1024M) 2.696ms
[2023-08-30T13:22:33.269+0530][gc,cpu      ] GC(0) User=0.01s Sys=0.01s Real=0.00s
[2023-08-30T13:22:33.449+0530][gc,start    ] GC(1) Pause Young (Concurrent Start) (Metadata GC Threshold)
[2023-08-30T13:22:33.449+0530][gc,task     ] GC(1) Using 8 workers of 8 for evacuation
[2023-08-30T13:22:33.452+0530][gc,phases   ] GC(1)   Pre Evacuate Collection Set: 0.2ms
[2023-08-30T13:22:33.452+0530][gc,phases   ] GC(1)   Merge Heap Roots: 0.0ms
[2023-08-30T13:22:33.452+0530][gc,phases   ] GC(1)   Evacuate Collection Set: 2.3ms
[2023-08-30T13:22:33.452+0530][gc,phases   ] GC(1)   Post Evacuate Collection Set: 0.2ms
[2023-08-30T13:22:33.452+0530][gc,phases   ] GC(1)   Other: 0.0ms
[2023-08-30T13:22:33.452+0530][gc,heap     ] GC(1) Eden regions: 10->0(49)
[2023-08-30T13:22:33.452+0530][gc,heap     ] GC(1) Survivor regions: 7->2(7)
[2023-08-30T13:22:33.452+0530][gc,heap     ] GC(1) Old regions: 1->8
[2023-08-30T13:22:33.452+0530][gc,heap     ] GC(1) Archive regions: 2->2
[2023-08-30T13:22:33.452+0530][gc,heap     ] GC(1) Humongous regions: 0->0
[2023-08-30T13:22:33.452+0530][gc,metaspace] GC(1) Metaspace: 21293K(21504K)->21293K(21504K) NonClass: 18504K(18624K)->18504K(18624K) Class: 2789K(2880K)->2789K(2880K)
[2023-08-30T13:22:33.452+0530][gc          ] GC(1) Pause Young (Concurrent Start) (Metadata GC Threshold) 18M->9M(1024M) 2.884ms
[2023-08-30T13:22:33.452+0530][gc          ] GC(2) Concurrent Mark Cycle
[2023-08-30T13:22:33.452+0530][gc,cpu      ] GC(1) User=0.01s Sys=0.01s Real=0.01s
[2023-08-30T13:22:33.452+0530][gc,marking  ] GC(2) Concurrent Scan Root Regions
[2023-08-30T13:22:33.453+0530][gc,marking  ] GC(2) Concurrent Scan Root Regions 1.470ms
[2023-08-30T13:22:33.453+0530][gc,marking  ] GC(2) Concurrent Mark
[2023-08-30T13:22:33.453+0530][gc,marking  ] GC(2) Concurrent Mark From Roots
[2023-08-30T13:22:33.453+0530][gc,task     ] GC(2) Using 2 workers of 2 for marking
[2023-08-30T13:22:33.455+0530][gc,marking  ] GC(2) Concurrent Mark From Roots 1.261ms
[2023-08-30T13:22:33.455+0530][gc,marking  ] GC(2) Concurrent Preclean
[2023-08-30T13:22:33.455+0530][gc,marking  ] GC(2) Concurrent Preclean 0.007ms
[2023-08-30T13:22:33.455+0530][gc,start    ] GC(2) Pause Remark
[2023-08-30T13:22:33.456+0530][gc          ] GC(2) Pause Remark 10M->10M(1024M) 0.934ms
[2023-08-30T13:22:33.456+0530][gc,cpu      ] GC(2) User=0.00s Sys=0.00s Real=0.00s
[2023-08-30T13:22:33.456+0530][gc,marking  ] GC(2) Concurrent Mark 2.792ms
[2023-08-30T13:22:33.456+0530][gc,marking  ] GC(2) Concurrent Rebuild Remembered Sets and Scrub Regions
[2023-08-30T13:22:33.457+0530][gc,marking  ] GC(2) Concurrent Rebuild Remembered Sets and Scrub Regions 1.320ms
[2023-08-30T13:22:33.458+0530][gc,start    ] GC(2) Pause Cleanup
[2023-08-30T13:22:33.458+0530][gc          ] GC(2) Pause Cleanup 10M->10M(1024M) 0.068ms
[2023-08-30T13:22:33.458+0530][gc,cpu      ] GC(2) User=0.00s Sys=0.00s Real=0.00s
[2023-08-30T13:22:33.458+0530][gc,marking  ] GC(2) Concurrent Clear Claimed Marks
[2023-08-30T13:22:33.458+0530][gc,marking  ] GC(2) Concurrent Clear Claimed Marks 0.012ms
[2023-08-30T13:22:33.458+0530][gc,marking  ] GC(2) Concurrent Cleanup for Next Mark
[2023-08-30T13:22:33.459+0530][gc,marking  ] GC(2) Concurrent Cleanup for Next Mark 1.506ms
[2023-08-30T13:22:33.459+0530][gc          ] GC(2) Concurrent Mark Cycle 7.331ms
[2023-08-30T13:22:33.859+0530][gc,start    ] GC(3) Pause Young (Normal) (G1 Evacuation Pause)
[2023-08-30T13:22:33.859+0530][gc,task     ] GC(3) Using 8 workers of 8 for evacuation
[2023-08-30T13:22:33.862+0530][gc,phases   ] GC(3)   Pre Evacuate Collection Set: 0.1ms
[2023-08-30T13:22:33.862+0530][gc,phases   ] GC(3)   Merge Heap Roots: 0.0ms
[2023-08-30T13:22:33.862+0530][gc,phases   ] GC(3)   Evacuate Collection Set: 2.1ms
[2023-08-30T13:22:33.862+0530][gc,phases   ] GC(3)   Post Evacuate Collection Set: 0.2ms
[2023-08-30T13:22:33.862+0530][gc,phases   ] GC(3)   Other: 0.0ms
[2023-08-30T13:22:33.862+0530][gc,heap     ] GC(3) Eden regions: 49->0(44)
[2023-08-30T13:22:33.862+0530][gc,heap     ] GC(3) Survivor regions: 2->7(7)
[2023-08-30T13:22:33.862+0530][gc,heap     ] GC(3) Old regions: 8->8
[2023-08-30T13:22:33.862+0530][gc,heap     ] GC(3) Archive regions: 2->2
[2023-08-30T13:22:33.862+0530][gc,heap     ] GC(3) Humongous regions: 129->129
[2023-08-30T13:22:33.862+0530][gc,metaspace] GC(3) Metaspace: 33025K(33344K)->33025K(33344K) NonClass: 29133K(29312K)->29133K(29312K) Class: 3892K(4032K)->3892K(4032K)
[2023-08-30T13:22:33.862+0530][gc          ] GC(3) Pause Young (Normal) (G1 Evacuation Pause) 187M->143M(1024M) 2.666ms
[2023-08-30T13:22:33.862+0530][gc,cpu      ] GC(3) User=0.01s Sys=0.00s Real=0.01s
[2023-08-30T13:23:03.469+0530][gc,start    ] GC(4) Pause Young (Concurrent Start) (Metadata GC Threshold)
[2023-08-30T13:23:03.469+0530][gc,task     ] GC(4) Using 8 workers of 8 for evacuation
[2023-08-30T13:23:03.473+0530][gc,phases   ] GC(4)   Pre Evacuate Collection Set: 0.2ms
[2023-08-30T13:23:03.473+0530][gc,phases   ] GC(4)   Merge Heap Roots: 0.1ms
[2023-08-30T13:23:03.473+0530][gc,phases   ] GC(4)   Evacuate Collection Set: 3.3ms
[2023-08-30T13:23:03.473+0530][gc,phases   ] GC(4)   Post Evacuate Collection Set: 0.3ms
[2023-08-30T13:23:03.473+0530][gc,phases   ] GC(4)   Other: 0.1ms
[2023-08-30T13:23:03.473+0530][gc,heap     ] GC(4) Eden regions: 14->0(49)
[2023-08-30T13:23:03.473+0530][gc,heap     ] GC(4) Survivor regions: 7->2(7)
[2023-08-30T13:23:03.473+0530][gc,heap     ] GC(4) Old regions: 8->14
[2023-08-30T13:23:03.473+0530][gc,heap     ] GC(4) Archive regions: 2->2
[2023-08-30T13:23:03.473+0530][gc,heap     ] GC(4) Humongous regions: 129->129
[2023-08-30T13:23:03.473+0530][gc,metaspace] GC(4) Metaspace: 35659K(35968K)->35659K(35968K) NonClass: 31364K(31552K)->31364K(31552K) Class: 4295K(4416K)->4295K(4416K)
[2023-08-30T13:23:03.473+0530][gc          ] GC(4) Pause Young (Concurrent Start) (Metadata GC Threshold) 157M->144M(1024M) 4.573ms
[2023-08-30T13:23:03.473+0530][gc          ] GC(5) Concurrent Mark Cycle
[2023-08-30T13:23:03.473+0530][gc,cpu      ] GC(4) User=0.03s Sys=0.00s Real=0.01s
[2023-08-30T13:23:03.473+0530][gc,marking  ] GC(5) Concurrent Scan Root Regions
[2023-08-30T13:23:03.477+0530][gc,marking  ] GC(5) Concurrent Scan Root Regions 3.920ms
[2023-08-30T13:23:03.477+0530][gc,marking  ] GC(5) Concurrent Mark
[2023-08-30T13:23:03.477+0530][gc,marking  ] GC(5) Concurrent Mark From Roots
[2023-08-30T13:23:03.477+0530][gc,task     ] GC(5) Using 2 workers of 2 for marking
[2023-08-30T13:23:03.483+0530][gc,marking  ] GC(5) Concurrent Mark From Roots 5.348ms
[2023-08-30T13:23:03.498+0530][gc,marking  ] GC(5) Concurrent Preclean
[2023-08-30T13:23:03.498+0530][gc,marking  ] GC(5) Concurrent Preclean 0.061ms
[2023-08-30T13:23:03.498+0530][gc,start    ] GC(5) Pause Remark
[2023-08-30T13:23:03.500+0530][gc          ] GC(5) Pause Remark 145M->145M(1024M) 1.635ms
[2023-08-30T13:23:03.516+0530][gc,cpu      ] GC(5) User=0.00s Sys=0.00s Real=0.02s
[2023-08-30T13:23:03.516+0530][gc,marking  ] GC(5) Concurrent Mark 38.444ms
[2023-08-30T13:23:03.516+0530][gc,marking  ] GC(5) Concurrent Rebuild Remembered Sets and Scrub Regions
[2023-08-30T13:23:03.522+0530][gc,marking  ] GC(5) Concurrent Rebuild Remembered Sets and Scrub Regions 5.927ms
[2023-08-30T13:23:03.522+0530][gc,start    ] GC(5) Pause Cleanup
[2023-08-30T13:23:03.522+0530][gc          ] GC(5) Pause Cleanup 146M->146M(1024M) 0.119ms
[2023-08-30T13:23:03.522+0530][gc,cpu      ] GC(5) User=0.00s Sys=0.00s Real=0.00s
[2023-08-30T13:23:03.522+0530][gc,marking  ] GC(5) Concurrent Clear Claimed Marks
[2023-08-30T13:23:03.522+0530][gc,marking  ] GC(5) Concurrent Clear Claimed Marks 0.029ms
[2023-08-30T13:23:03.522+0530][gc,marking  ] GC(5) Concurrent Cleanup for Next Mark
[2023-08-30T13:23:03.523+0530][gc,marking  ] GC(5) Concurrent Cleanup for Next Mark 1.451ms
[2023-08-30T13:23:03.523+0530][gc          ] GC(5) Concurrent Mark Cycle 50.182ms
[2023-08-30T13:35:48.747+0530][gc,start    ] GC(6) Pause Young (Normal) (G1 Evacuation Pause)
[2023-08-30T13:35:48.748+0530][gc,task     ] GC(6) Using 8 workers of 8 for evacuation
[2023-08-30T13:35:48.758+0530][gc,phases   ] GC(6)   Pre Evacuate Collection Set: 0.5ms
[2023-08-30T13:35:48.759+0530][gc,phases   ] GC(6)   Merge Heap Roots: 0.1ms
[2023-08-30T13:35:48.759+0530][gc,phases   ] GC(6)   Evacuate Collection Set: 8.7ms
[2023-08-30T13:35:48.759+0530][gc,phases   ] GC(6)   Post Evacuate Collection Set: 0.9ms
[2023-08-30T13:35:48.759+0530][gc,phases   ] GC(6)   Other: 0.2ms
[2023-08-30T13:35:48.759+0530][gc,heap     ] GC(6) Eden regions: 49->0(46)
[2023-08-30T13:35:48.759+0530][gc,heap     ] GC(6) Survivor regions: 2->5(7)
[2023-08-30T13:35:48.759+0530][gc,heap     ] GC(6) Old regions: 14->14
[2023-08-30T13:35:48.759+0530][gc,heap     ] GC(6) Archive regions: 2->2
[2023-08-30T13:35:48.759+0530][gc,heap     ] GC(6) Humongous regions: 129->129
[2023-08-30T13:35:48.759+0530][gc,metaspace] GC(6) Metaspace: 40290K(40896K)->40290K(40896K) NonClass: 35317K(35648K)->35317K(35648K) Class: 4972K(5248K)->4972K(5248K)
[2023-08-30T13:35:48.759+0530][gc          ] GC(6) Pause Young (Normal) (G1 Evacuation Pause) 193M->147M(1024M) 12.003ms
[2023-08-30T13:35:48.759+0530][gc,cpu      ] GC(6) User=0.03s Sys=0.01s Real=0.01s
[2023-08-30T13:56:49.016+0530][gc,start    ] GC(7) Pause Young (Normal) (G1 Evacuation Pause)
[2023-08-30T13:56:49.018+0530][gc,task     ] GC(7) Using 8 workers of 8 for evacuation
[2023-08-30T13:56:49.026+0530][gc,phases   ] GC(7)   Pre Evacuate Collection Set: 1.1ms
[2023-08-30T13:56:49.026+0530][gc,phases   ] GC(7)   Merge Heap Roots: 0.4ms
[2023-08-30T13:56:49.026+0530][gc,phases   ] GC(7)   Evacuate Collection Set: 4.9ms
[2023-08-30T13:56:49.026+0530][gc,phases   ] GC(7)   Post Evacuate Collection Set: 1.1ms
[2023-08-30T13:56:49.026+0530][gc,phases   ] GC(7)   Other: 1.2ms
[2023-08-30T13:56:49.026+0530][gc,heap     ] GC(7) Eden regions: 46->0(48)
[2023-08-30T13:56:49.026+0530][gc,heap     ] GC(7) Survivor regions: 5->3(7)
[2023-08-30T13:56:49.026+0530][gc,heap     ] GC(7) Old regions: 14->14
[2023-08-30T13:56:49.026+0530][gc,heap     ] GC(7) Archive regions: 2->2
[2023-08-30T13:56:49.026+0530][gc,heap     ] GC(7) Humongous regions: 129->129
[2023-08-30T13:56:49.027+0530][gc,metaspace] GC(7) Metaspace: 40479K(41088K)->40479K(41088K) NonClass: 35504K(35840K)->35504K(35840K) Class: 4975K(5248K)->4975K(5248K)
[2023-08-30T13:56:49.027+0530][gc          ] GC(7) Pause Young (Normal) (G1 Evacuation Pause) 193M->146M(1024M) 11.810ms
[2023-08-30T13:56:49.027+0530][gc,cpu      ] GC(7) User=0.03s Sys=0.01s Real=0.01s
[2023-08-30T15:05:03.266+0530][gc,start    ] GC(8) Pause Young (Normal) (G1 Evacuation Pause)
[2023-08-30T15:05:03.267+0530][gc,task     ] GC(8) Using 8 workers of 8 for evacuation
[2023-08-30T15:05:03.275+0530][gc,phases   ] GC(8)   Pre Evacuate Collection Set: 0.4ms
[2023-08-30T15:05:03.275+0530][gc,phases   ] GC(8)   Merge Heap Roots: 0.1ms
[2023-08-30T15:05:03.275+0530][gc,phases   ] GC(8)   Evacuate Collection Set: 6.7ms
[2023-08-30T15:05:03.275+0530][gc,phases   ] GC(8)   Post Evacuate Collection Set: 0.7ms
[2023-08-30T15:05:03.275+0530][gc,phases   ] GC(8)   Other: 0.2ms
[2023-08-30T15:05:03.275+0530][gc,heap     ] GC(8) Eden regions: 48->0(47)
[2023-08-30T15:05:03.275+0530][gc,heap     ] GC(8) Survivor regions: 3->4(7)
[2023-08-30T15:05:03.275+0530][gc,heap     ] GC(8) Old regions: 14->14
[2023-08-30T15:05:03.275+0530][gc,heap     ] GC(8) Archive regions: 2->2
[2023-08-30T15:05:03.275+0530][gc,heap     ] GC(8) Humongous regions: 129->129
[2023-08-30T15:05:03.275+0530][gc,metaspace] GC(8) Metaspace: 40693K(41280K)->40693K(41280K) NonClass: 35714K(36032K)->35714K(36032K) Class: 4978K(5248K)->4978K(5248K)
[2023-08-30T15:05:03.275+0530][gc          ] GC(8) Pause Young (Normal) (G1 Evacuation Pause) 194M->147M(1024M) 9.185ms
[2023-08-30T15:05:03.276+0530][gc,cpu      ] GC(8) User=0.03s Sys=0.00s Real=0.01s
[2023-08-30T16:22:53.473+0530][gc,start    ] GC(9) Pause Young (Normal) (G1 Evacuation Pause)
[2023-08-30T16:22:53.474+0530][gc,task     ] GC(9) Using 8 workers of 8 for evacuation
[2023-08-30T16:22:53.482+0530][gc,phases   ] GC(9)   Pre Evacuate Collection Set: 0.5ms
[2023-08-30T16:22:53.482+0530][gc,phases   ] GC(9)   Merge Heap Roots: 0.1ms
[2023-08-30T16:22:53.482+0530][gc,phases   ] GC(9)   Evacuate Collection Set: 6.3ms
[2023-08-30T16:22:53.482+0530][gc,phases   ] GC(9)   Post Evacuate Collection Set: 0.7ms
[2023-08-30T16:22:53.482+0530][gc,phases   ] GC(9)   Other: 0.2ms
[2023-08-30T16:22:53.482+0530][gc,heap     ] GC(9) Eden regions: 47->0(55)
[2023-08-30T16:22:53.483+0530][gc,heap     ] GC(9) Survivor regions: 4->3(7)
[2023-08-30T16:22:53.483+0530][gc,heap     ] GC(9) Old regions: 14->14
[2023-08-30T16:22:53.483+0530][gc,heap     ] GC(9) Archive regions: 2->2
[2023-08-30T16:22:53.483+0530][gc,heap     ] GC(9) Humongous regions: 129->129
[2023-08-30T16:22:53.483+0530][gc,metaspace] GC(9) Metaspace: 40756K(41344K)->40756K(41344K) NonClass: 35777K(36096K)->35777K(36096K) Class: 4979K(5248K)->4979K(5248K)
[2023-08-30T16:22:53.483+0530][gc          ] GC(9) Pause Young (Normal) (G1 Evacuation Pause) 194M->146M(1024M) 9.724ms
[2023-08-30T16:22:53.483+0530][gc,cpu      ] GC(9) User=0.02s Sys=0.00s Real=0.01s
[2023-08-30T17:54:24.281+0530][gc,start    ] GC(10) Pause Young (Normal) (G1 Evacuation Pause)
[2023-08-30T17:54:24.282+0530][gc,task     ] GC(10) Using 8 workers of 8 for evacuation
[2023-08-30T17:54:24.297+0530][gc,phases   ] GC(10)   Pre Evacuate Collection Set: 1.3ms
[2023-08-30T17:54:24.297+0530][gc,phases   ] GC(10)   Merge Heap Roots: 0.2ms
[2023-08-30T17:54:24.297+0530][gc,phases   ] GC(10)   Evacuate Collection Set: 12.2ms
[2023-08-30T17:54:24.297+0530][gc,phases   ] GC(10)   Post Evacuate Collection Set: 1.2ms
[2023-08-30T17:54:24.298+0530][gc,phases   ] GC(10)   Other: 0.4ms
[2023-08-30T17:54:24.298+0530][gc,heap     ] GC(10) Eden regions: 54->0(70)
[2023-08-30T17:54:24.298+0530][gc,heap     ] GC(10) Survivor regions: 3->4(8)
[2023-08-30T17:54:24.298+0530][gc,heap     ] GC(10) Old regions: 14->14
[2023-08-30T17:54:24.298+0530][gc,heap     ] GC(10) Archive regions: 2->2
[2023-08-30T17:54:24.298+0530][gc,heap     ] GC(10) Humongous regions: 129->129
[2023-08-30T17:54:24.298+0530][gc,metaspace] GC(10) Metaspace: 40790K(41408K)->40790K(41408K) NonClass: 35811K(36160K)->35811K(36160K) Class: 4979K(5248K)->4979K(5248K)
[2023-08-30T17:54:24.298+0530][gc          ] GC(10) Pause Young (Normal) (G1 Evacuation Pause) 200M->147M(1024M) 16.254ms
[2023-08-30T17:54:24.298+0530][gc,cpu      ] GC(10) User=0.02s Sys=0.03s Real=0.01s
[2023-08-30T19:34:14.173+0530][gc,start    ] GC(11) Pause Young (Normal) (G1 Evacuation Pause)
[2023-08-30T19:34:14.176+0530][gc,task     ] GC(11) Using 8 workers of 8 for evacuation
[2023-08-30T19:34:14.193+0530][gc,phases   ] GC(11)   Pre Evacuate Collection Set: 1.6ms
[2023-08-30T19:34:14.193+0530][gc,phases   ] GC(11)   Merge Heap Roots: 0.6ms
[2023-08-30T19:34:14.193+0530][gc,phases   ] GC(11)   Evacuate Collection Set: 12.4ms
[2023-08-30T19:34:14.193+0530][gc,phases   ] GC(11)   Post Evacuate Collection Set: 1.4ms
[2023-08-30T19:34:14.193+0530][gc,phases   ] GC(11)   Other: 1.6ms
[2023-08-30T19:34:14.193+0530][gc,heap     ] GC(11) Eden regions: 58->0(134)
[2023-08-30T19:34:14.193+0530][gc,heap     ] GC(11) Survivor regions: 4->4(8)
[2023-08-30T19:34:14.193+0530][gc,heap     ] GC(11) Old regions: 14->14
[2023-08-30T19:34:14.193+0530][gc,heap     ] GC(11) Archive regions: 2->2
[2023-08-30T19:34:14.193+0530][gc,heap     ] GC(11) Humongous regions: 129->129
[2023-08-30T19:34:14.193+0530][gc,metaspace] GC(11) Metaspace: 40802K(41408K)->40802K(41408K) NonClass: 35822K(36160K)->35822K(36160K) Class: 4979K(5248K)->4979K(5248K)
[2023-08-30T19:34:14.193+0530][gc          ] GC(11) Pause Young (Normal) (G1 Evacuation Pause) 205M->147M(1024M) 20.983ms
[2023-08-30T19:34:14.193+0530][gc,cpu      ] GC(11) User=0.03s Sys=0.03s Real=0.02s
[2023-08-31T16:25:17.155+0530][gc,start    ] GC(12) Pause Young (Normal) (G1 Evacuation Pause)
[2023-08-31T16:25:17.158+0530][gc,task     ] GC(12) Using 8 workers of 8 for evacuation
[2023-08-31T16:25:17.181+0530][gc,mmu      ] GC(12) MMU target violated: 21.0ms (20.0ms/21.0ms)
[2023-08-31T16:25:17.181+0530][gc,phases   ] GC(12)   Pre Evacuate Collection Set: 1.4ms
[2023-08-31T16:25:17.181+0530][gc,phases   ] GC(12)   Merge Heap Roots: 0.5ms
[2023-08-31T16:25:17.181+0530][gc,phases   ] GC(12)   Evacuate Collection Set: 20.1ms
[2023-08-31T16:25:17.181+0530][gc,phases   ] GC(12)   Post Evacuate Collection Set: 1.1ms
[2023-08-31T16:25:17.181+0530][gc,phases   ] GC(12)   Other: 1.4ms
[2023-08-31T16:25:17.181+0530][gc,heap     ] GC(12) Eden regions: 123->0(216)
[2023-08-31T16:25:17.181+0530][gc,heap     ] GC(12) Survivor regions: 4->3(16)
[2023-08-31T16:25:17.181+0530][gc,heap     ] GC(12) Old regions: 14->14
[2023-08-31T16:25:17.181+0530][gc,heap     ] GC(12) Archive regions: 2->2
[2023-08-31T16:25:17.181+0530][gc,heap     ] GC(12) Humongous regions: 129->129
[2023-08-31T16:25:17.182+0530][gc,metaspace] GC(12) Metaspace: 40902K(41472K)->40902K(41472K) NonClass: 35920K(36224K)->35920K(36224K) Class: 4981K(5248K)->4981K(5248K)
[2023-08-31T16:25:17.182+0530][gc          ] GC(12) Pause Young (Normal) (G1 Evacuation Pause) 270M->146M(1024M) 27.788ms
[2023-08-31T16:25:17.182+0530][gc,cpu      ] GC(12) User=0.03s Sys=0.02s Real=0.03s
