[2023-08-29T19:09:36.368+0530][gc,init] CardTable entry size: 512
[2023-08-29T19:09:36.368+0530][gc     ] Using G1
[2023-08-29T19:09:36.369+0530][gc,init] Version: 20.0.1+9-29 (release)
[2023-08-29T19:09:36.369+0530][gc,init] CPUs: 8 total, 8 available
[2023-08-29T19:09:36.369+0530][gc,init] Memory: 8192M
[2023-08-29T19:09:36.369+0530][gc,init] Large Page Support: Disabled
[2023-08-29T19:09:36.369+0530][gc,init] NUMA Support: Disabled
[2023-08-29T19:09:36.369+0530][gc,init] Compressed Oops: Enabled (Zero based)
[2023-08-29T19:09:36.369+0530][gc,init] Heap Region Size: 1M
[2023-08-29T19:09:36.369+0530][gc,init] Heap Min Capacity: 512M
[2023-08-29T19:09:36.369+0530][gc,init] Heap Initial Capacity: 512M
[2023-08-29T19:09:36.369+0530][gc,init] Heap Max Capacity: 512M
[2023-08-29T19:09:36.369+0530][gc,init] Pre-touch: Disabled
[2023-08-29T19:09:36.369+0530][gc,init] Parallel Workers: 8
[2023-08-29T19:09:36.369+0530][gc,init] Concurrent Workers: 2
[2023-08-29T19:09:36.369+0530][gc,init] Concurrent Refinement Workers: 8
[2023-08-29T19:09:36.369+0530][gc,init] Periodic GC: Disabled
[2023-08-29T19:09:36.369+0530][gc,metaspace] CDS archive(s) mapped at: [0x0000000800000000-0x0000000800c6c000-0x0000000800c6c000), size 13025280, SharedBaseAddress: 0x0000000800000000, ArchiveRelocationMode: 0.
[2023-08-29T19:09:36.369+0530][gc,metaspace] Compressed class space mapped at: 0x0000000801000000-0x0000000841000000, reserved size: 1073741824
[2023-08-29T19:09:36.369+0530][gc,metaspace] Narrow klass base: 0x0000000800000000, Narrow klass shift: 0, Narrow klass range: 0x100000000
[2023-08-29T19:10:15.972+0530][gc,start    ] GC(0) Pause Young (Normal) (G1 Evacuation Pause)
[2023-08-29T19:10:15.972+0530][gc,task     ] GC(0) Using 8 workers of 8 for evacuation
[2023-08-29T19:10:15.983+0530][gc,phases   ] GC(0)   Pre Evacuate Collection Set: 0.2ms
[2023-08-29T19:10:15.983+0530][gc,phases   ] GC(0)   Merge Heap Roots: 0.0ms
[2023-08-29T19:10:15.983+0530][gc,phases   ] GC(0)   Evacuate Collection Set: 9.7ms
[2023-08-29T19:10:15.983+0530][gc,phases   ] GC(0)   Post Evacuate Collection Set: 0.3ms
[2023-08-29T19:10:15.983+0530][gc,phases   ] GC(0)   Other: 0.2ms
[2023-08-29T19:10:15.983+0530][gc,heap     ] GC(0) Eden regions: 25->0(21)
[2023-08-29T19:10:15.983+0530][gc,heap     ] GC(0) Survivor regions: 0->4(4)
[2023-08-29T19:10:15.983+0530][gc,heap     ] GC(0) Old regions: 0->4
[2023-08-29T19:10:15.983+0530][gc,heap     ] GC(0) Archive regions: 2->2
[2023-08-29T19:10:15.983+0530][gc,heap     ] GC(0) Humongous regions: 0->0
[2023-08-29T19:10:15.983+0530][gc,metaspace] GC(0) Metaspace: 8220K(8448K)->8220K(8448K) NonClass: 7327K(7424K)->7327K(7424K) Class: 892K(1024K)->892K(1024K)
[2023-08-29T19:10:15.983+0530][gc          ] GC(0) Pause Young (Normal) (G1 Evacuation Pause) 25M->8M(512M) 10.789ms
[2023-08-29T19:10:15.983+0530][gc,cpu      ] GC(0) User=0.01s Sys=0.02s Real=0.01s
[2023-08-29T19:35:16.325+0530][gc,heap,exit] Heap
[2023-08-29T19:35:16.325+0530][gc,heap,exit]  garbage-first heap   total 524288K, used 15270K [0x00000007e0000000, 0x0000000800000000)
[2023-08-29T19:35:16.325+0530][gc,heap,exit]   region size 1024K, 11 young (11264K), 4 survivors (4096K)
[2023-08-29T19:35:16.325+0530][gc,heap,exit]  Metaspace       used 8992K, committed 9216K, reserved 1114112K
[2023-08-29T19:35:16.325+0530][gc,heap,exit]   class space    used 953K, committed 1088K, reserved 1048576K
